apiVersion: v1
data: {}
kind: Secret
metadata:
  annotations: {}
  labels:
    app.kubernetes.io/component: fluent-bit
    app.kubernetes.io/instance: fluentbit
    app.kubernetes.io/managed-by: commodore
    app.kubernetes.io/name: fluentbit
    name: fluentbit
  name: fluentbit
stringData:
  AWS_ACCESS_KEY_ID: <SUPER_SECRET>
  AWS_SECRET_ACCESS_KEY: <EVEN_MORE_SUPERER>
type: Opaque
