spec:
  source:
    path: manifests/fluentbit/fluentbit
