apiVersion: rbac.authorization.k8s.io/v1
kind: ClusterRole
metadata:
  labels:
    app.kubernetes.io/instance: fluentbit
    app.kubernetes.io/managed-by: Helm
    app.kubernetes.io/name: fluent-bit
    app.kubernetes.io/version: 3.1.4
    helm.sh/chart: fluent-bit-0.47.5
  name: fluentbit
rules:
  - apiGroups:
      - ''
    resources:
      - namespaces
      - pods
    verbs:
      - get
      - list
      - watch
