apiVersion: v1
kind: ServiceAccount
metadata:
  labels:
    app.kubernetes.io/instance: fluentbit
    app.kubernetes.io/managed-by: Helm
    app.kubernetes.io/name: fluent-bit
    app.kubernetes.io/version: 3.1.4
    helm.sh/chart: fluent-bit-0.47.5
  name: fluentbit
  namespace: syn-fluentbit
