apiVersion: rbac.authorization.k8s.io/v1
kind: ClusterRole
metadata:
  labels:
    app.kubernetes.io/instance: fluent-bit
    app.kubernetes.io/managed-by: Helm
    app.kubernetes.io/name: fluent-bit
    app.kubernetes.io/version: 1.8.15
    helm.sh/chart: fluent-bit-0.19.23
  name: fluent-bit
rules:
- apiGroups:
  - ''
  resources:
  - namespaces
  - pods
  verbs:
  - get
  - list
  - watch
