apiVersion: rbac.authorization.k8s.io/v1
kind: ClusterRoleBinding
metadata:
  labels:
    app.kubernetes.io/instance: fluent-bit
    app.kubernetes.io/managed-by: Helm
    app.kubernetes.io/name: fluent-bit
    app.kubernetes.io/version: 1.9.7
    helm.sh/chart: fluent-bit-0.20.6
  name: fluent-bit
roleRef:
  apiGroup: rbac.authorization.k8s.io
  kind: ClusterRole
  name: fluent-bit
subjects:
- kind: ServiceAccount
  name: fluent-bit
  namespace: syn-fluentbit
