apiVersion: v1
kind: Service
metadata:
  labels:
    app.kubernetes.io/instance: fluent-bit
    app.kubernetes.io/managed-by: Helm
    app.kubernetes.io/name: fluent-bit
    app.kubernetes.io/version: 3.1.4
    helm.sh/chart: fluent-bit-0.47.5
  name: fluent-bit
  namespace: syn-fluentbit
spec:
  ports:
    - name: http
      port: 2020
      protocol: TCP
      targetPort: http
  selector:
    app.kubernetes.io/instance: fluent-bit
    app.kubernetes.io/name: fluent-bit
  type: ClusterIP
