apiVersion: v1
kind: ServiceAccount
metadata:
  labels:
    app.kubernetes.io/instance: fluent-bit
    app.kubernetes.io/managed-by: Helm
    app.kubernetes.io/name: fluent-bit
    app.kubernetes.io/version: 1.8.15
    helm.sh/chart: fluent-bit-0.19.24
  name: fluent-bit
