apiVersion: v1
kind: ServiceAccount
metadata:
  labels:
    app.kubernetes.io/instance: fluentbit
    app.kubernetes.io/managed-by: Helm
    app.kubernetes.io/name: fluent-bit
    app.kubernetes.io/version: 4.0.7
    helm.sh/chart: fluent-bit-0.53.0
  name: fluentbit
  namespace: syn-fluentbit
